// Vitest Snapshot v1, https://vitest.dev/guide/snapshot.html

exports[`resolver#User > user > should return a user through their ID 1`] = `
{
  "user": {
    "authId": "NwzV451PMRYNsM7D8Wwpg",
    "authProvider": "github",
    "displayName": "Katharina",
    "email": "Katharina_Sporer@yahoo.com",
    "id": "user-0",
    "profilePicture": "https://via.placeholder.com/150x150/bc9de8/96d1f5.jpeg?text=Katharina",
    "rooms": null,
  },
}
`;

exports[`resolver#User > users > should return a list of users 1`] = `
{
  "users": [
    {
      "authId": "NwzV451PMRYNsM7D8Wwpg",
      "authProvider": "github",
      "displayName": "Katharina",
      "email": "Katharina_Sporer@yahoo.com",
      "id": "user-0",
      "profilePicture": "https://via.placeholder.com/150x150/bc9de8/96d1f5.jpeg?text=Katharina",
      "rooms": null,
    },
    {
      "authId": "jwrexUsqWMIN5wRPPg3FA",
      "authProvider": "github",
      "displayName": "Hayley",
      "email": "Hayley.Watsica30@hotmail.com",
      "id": "user-1",
      "profilePicture": "https://via.placeholder.com/150x150/f35284/87e8eb.webp?text=Hayley",
      "rooms": null,
    },
    {
      "authId": "Cw8vbMQuQ4-4q57Ae6dlt",
      "authProvider": "github",
      "displayName": "Hudson",
      "email": "Hudson_Waters@gmail.com",
      "id": "user-2",
      "profilePicture": "https://via.placeholder.com/150x150/9a9773/4fd26a.jpeg?text=Hudson",
      "rooms": null,
    },
    {
      "authId": "9sdluULYoyiAhsKOfTI1_",
      "authProvider": "github",
      "displayName": "Kathryne",
      "email": "Kathryne.Spencer51@gmail.com",
      "id": "user-3",
      "profilePicture": "https://via.placeholder.com/150x150/cd9d02/045129.png?text=Kathryne",
      "rooms": null,
    },
    {
      "authId": "0zm-oOBgDO12Wrr4aRQVR",
      "authProvider": "github",
      "displayName": "Vito",
      "email": "Vito71@hotmail.com",
      "id": "user-4",
      "profilePicture": "https://via.placeholder.com/150x150/dfd43f/40f5d9.png?text=Vito",
      "rooms": null,
    },
    {
      "authId": "EOfL6c7SwuJ05PPTXy5Zt",
      "authProvider": "github",
      "displayName": "Damaris",
      "email": "Damaris.Sipes91@gmail.com",
      "id": "user-5",
      "profilePicture": "https://via.placeholder.com/150x150/fa1d8a/7ba6f4.webp?text=Damaris",
      "rooms": null,
    },
    {
      "authId": "Koe9I-tGNsF9mCrz5ddPs",
      "authProvider": "github",
      "displayName": "Sister",
      "email": "Sister4@hotmail.com",
      "id": "user-6",
      "profilePicture": "https://via.placeholder.com/150x150/82fd2b/d9b7ad.webp?text=Sister",
      "rooms": null,
    },
    {
      "authId": "GNn4hUdsV1BWeyU8wKFtc",
      "authProvider": "github",
      "displayName": "Arden",
      "email": "Arden_Hamill@gmail.com",
      "id": "user-7",
      "profilePicture": "https://via.placeholder.com/150x150/faf6b5/b11950.jpg?text=Arden",
      "rooms": null,
    },
    {
      "authId": "9HoO1lt-3gi-ibrwWvF_k",
      "authProvider": "github",
      "displayName": "Schuyler",
      "email": "Schuyler_Fisher-Strosin@gmail.com",
      "id": "user-8",
      "profilePicture": "https://via.placeholder.com/150x150/b590d9/a88bda.webp?text=Schuyler",
      "rooms": null,
    },
    {
      "authId": "aSW2HzTFxHnHPsWNYawWE",
      "authProvider": "github",
      "displayName": "Adell",
      "email": "Adell.Kutch@yahoo.com",
      "id": "user-9",
      "profilePicture": "https://via.placeholder.com/150x150/26304d/935318.jpeg?text=Adell",
      "rooms": null,
    },
    {
      "authId": "GX0vOBIiUIx8nFrqCvEBN",
      "authProvider": "github",
      "displayName": "Olen",
      "email": "Olen.Kunde@gmail.com",
      "id": "user-10",
      "profilePicture": "https://via.placeholder.com/150x150/acac40/4fa535.gif?text=Olen",
      "rooms": null,
    },
    {
      "authId": "J6TRaD1__9LOlj65IB3to",
      "authProvider": "github",
      "displayName": "Chelsie",
      "email": "Chelsie.OReilly@gmail.com",
      "id": "user-11",
      "profilePicture": "https://via.placeholder.com/150x150/fe92a4/0dace2.webp?text=Chelsie",
      "rooms": null,
    },
    {
      "authId": "FYtUb9UGXsyNWdHucD83a",
      "authProvider": "github",
      "displayName": "Cara",
      "email": "Cara.Swift53@yahoo.com",
      "id": "user-12",
      "profilePicture": "https://via.placeholder.com/150x150/f07e0d/601ff3.jpeg?text=Cara",
      "rooms": null,
    },
    {
      "authId": "FUIturwZCbIWxtCGh3Mwc",
      "authProvider": "github",
      "displayName": "Orion",
      "email": "Orion96@yahoo.com",
      "id": "user-13",
      "profilePicture": "https://via.placeholder.com/150x150/3fa9ad/dbbe8f.jpeg?text=Orion",
      "rooms": null,
    },
    {
      "authId": "xfX9dilZeY6aNVx57gIaY",
      "authProvider": "github",
      "displayName": "Jordan",
      "email": "Jordan0@hotmail.com",
      "id": "user-14",
      "profilePicture": "https://via.placeholder.com/150x150/364f4b/778bb4.png?text=Jordan",
      "rooms": null,
    },
    {
      "authId": "2vyZqPHM7m-g5XgetlmJl",
      "authProvider": "github",
      "displayName": "Rosie",
      "email": "Rosie.McLaughlin36@hotmail.com",
      "id": "user-15",
      "profilePicture": "https://via.placeholder.com/150x150/c6eb06/c6f245.webp?text=Rosie",
      "rooms": null,
    },
    {
      "authId": "y4I9fiHsdr7Uztj2KxLN4",
      "authProvider": "github",
      "displayName": "Damien",
      "email": "Damien.Bednar@gmail.com",
      "id": "user-16",
      "profilePicture": "https://via.placeholder.com/150x150/137f43/fe3d1c.webp?text=Damien",
      "rooms": null,
    },
    {
      "authId": "Kz2dug7in0tw2kpiFwLav",
      "authProvider": "github",
      "displayName": "Eleanora",
      "email": "Eleanora_Sporer6@gmail.com",
      "id": "user-17",
      "profilePicture": "https://via.placeholder.com/150x150/bb9e2e/4cd0c7.gif?text=Eleanora",
      "rooms": null,
    },
    {
      "authId": "kyAhDchCoyUwWJgqYbxuM",
      "authProvider": "github",
      "displayName": "Mable",
      "email": "Mable18@gmail.com",
      "id": "user-18",
      "profilePicture": "https://via.placeholder.com/150x150/dc4a0e/9fc5c0.webp?text=Mable",
      "rooms": null,
    },
    {
      "authId": "Qx3IgBRtbwDyBH8YkUBMO",
      "authProvider": "github",
      "displayName": "Axel",
      "email": "Axel_Jerde13@yahoo.com",
      "id": "user-19",
      "profilePicture": "https://via.placeholder.com/150x150/57e10e/2b0ffd.png?text=Axel",
      "rooms": null,
    },
  ],
}
`;
